 ******* Program HYDRUS
 ******* 
 Welcome to HYDRUS-1D                                                    
 Date:  31. 1.    Time:  11:29: 2
 Units: L = m    , T = hours, M = mmol 


 Time:        0.0000


 Node      Depth      Head Moisture       K          C         Flux        Sink         Kappa   v/KsTop   Temp
           [L]        [L]    [-]        [L/T]      [1/L]      [L/T]        [1/T]         [-]      [-]      [C]

   1     0.0000     -50.000 0.1360   0.1511E-06  0.4590E-03 -0.1511E-06  0.0000E+00      -1  -0.756E-07   20.00
   2    -0.0100     -50.000 0.1360   0.1511E-06  0.4590E-03 -0.1511E-06  0.0000E+00      -1  -0.756E-07   20.00
   3    -0.0200     -50.000 0.1360   0.1511E-06  0.4590E-03 -0.1511E-06  0.0000E+00      -1  -0.756E-07   20.00
   4    -0.0300     -50.000 0.1360   0.1511E-06  0.4590E-03 -0.1511E-06  0.0000E+00      -1  -0.756E-07   20.00
   5    -0.0400     -50.000 0.1360   0.1511E-06  0.4590E-03 -0.1511E-06  0.0000E+00      -1  -0.756E-07   20.00
   6    -0.0500     -50.000 0.1360   0.1511E-06  0.4590E-03 -0.1511E-06  0.0000E+00      -1  -0.756E-07   20.00
   7    -0.0600     -50.000 0.1360   0.1511E-06  0.4590E-03 -0.1511E-06  0.0000E+00      -1  -0.756E-07   20.00
   8    -0.0700     -50.000 0.1360   0.1511E-06  0.4590E-03 -0.1511E-06  0.0000E+00      -1  -0.756E-07   20.00
   9    -0.0800     -50.000 0.1360   0.1511E-06  0.4590E-03 -0.1511E-06  0.0000E+00      -1  -0.756E-07   20.00
  10    -0.0900     -50.000 0.1360   0.1511E-06  0.4590E-03 -0.1511E-06  0.0000E+00      -1  -0.756E-07   20.00
end


 Time:        1.0000


 Node      Depth      Head Moisture       K          C         Flux        Sink         Kappa   v/KsTop   Temp
           [L]        [L]    [-]        [L/T]      [1/L]      [L/T]        [1/T]         [-]      [-]      [C]

   1     0.0000     -16.820 0.1676   0.4351E-05  0.2168E-02 -0.1000E-02  0.0000E+00      -1  -0.500E-03   20.00
   2    -0.0100     -19.489 0.1623   0.2611E-05  0.1725E-02 -0.8577E-03  0.0000E+00      -1  -0.429E-03   20.00
   3    -0.0200     -23.178 0.1569   0.1621E-05  0.1366E-02 -0.6939E-03  0.0000E+00      -1  -0.347E-03   20.00
   4    -0.0300     -27.893 0.1514   0.9391E-06  0.1059E-02 -0.5097E-03  0.0000E+00      -1  -0.255E-03   20.00
   5    -0.0400     -33.507 0.1462   0.5346E-06  0.8187E-03 -0.3302E-03  0.0000E+00      -1  -0.165E-03   20.00
   6    -0.0500     -39.284 0.1418   0.3158E-06  0.6460E-03 -0.1908E-03  0.0000E+00      -1  -0.954E-04   20.00
   7    -0.0600     -44.173 0.1391   0.2378E-06  0.5593E-03 -0.1006E-03  0.0000E+00      -1  -0.503E-04   20.00
   8    -0.0700     -47.215 0.1375   0.1916E-06  0.5062E-03 -0.4694E-04  0.0000E+00      -1  -0.235E-04   20.00
   9    -0.0800     -48.783 0.1366   0.1677E-06  0.4787E-03 -0.1992E-04  0.0000E+00      -1  -0.996E-05   20.00
  10    -0.0900     -49.480 0.1362   0.1570E-06  0.4665E-03 -0.8007E-05  0.0000E+00      -1  -0.400E-05   20.00
end


 Time:        2.0000


 Node      Depth      Head Moisture       K          C         Flux        Sink         Kappa   v/KsTop   Temp
           [L]        [L]    [-]        [L/T]      [1/L]      [L/T]        [1/T]         [-]      [-]      [C]

   1     0.0000     -13.468 0.1759   0.8321E-05  0.2923E-02 -0.1000E-02  0.0000E+00      -1  -0.500E-03   20.00
   2    -0.0100     -14.793 0.1723   0.6186E-05  0.2549E-02 -0.9279E-03  0.0000E+00      -1  -0.464E-03   20.00
   3    -0.0200     -16.446 0.1684   0.4484E-05  0.2202E-02 -0.8439E-03  0.0000E+00      -1  -0.422E-03   20.00
   4    -0.0300     -18.525 0.1642   0.3183E-05  0.1870E-02 -0.7477E-03  0.0000E+00      -1  -0.374E-03   20.00
   5    -0.0400     -21.120 0.1599   0.2149E-05  0.1563E-02 -0.6359E-03  0.0000E+00      -1  -0.318E-03   20.00
   6    -0.0500     -24.419 0.1551   0.1340E-05  0.1262E-02 -0.5201E-03  0.0000E+00      -1  -0.260E-03   20.00
   7    -0.0600     -28.556 0.1507   0.8937E-06  0.1035E-02 -0.3998E-03  0.0000E+00      -1  -0.200E-03   20.00
   8    -0.0700     -33.199 0.1464   0.5528E-06  0.8330E-03 -0.2812E-03  0.0000E+00      -1  -0.141E-03   20.00
   9    -0.0800     -38.117 0.1427   0.3634E-06  0.6836E-03 -0.1822E-03  0.0000E+00      -1  -0.911E-04   20.00
  10    -0.0900     -42.537 0.1400   0.2626E-06  0.5877E-03 -0.1088E-03  0.0000E+00      -1  -0.544E-04   20.00
end


 Time:        3.0000


 Node      Depth      Head Moisture       K          C         Flux        Sink         Kappa   v/KsTop   Temp
           [L]        [L]    [-]        [L/T]      [1/L]      [L/T]        [1/T]         [-]      [-]      [C]

   1     0.0000     -11.867 0.1809   0.1234E-04  0.3511E-02 -0.1000E-02  0.0000E+00      -1  -0.500E-03   20.00
   2    -0.0100     -12.743 0.1780   0.9695E-05  0.3163E-02 -0.9522E-03  0.0000E+00      -1  -0.476E-03   20.00
   3    -0.0200     -13.780 0.1751   0.8037E-05  0.2873E-02 -0.8959E-03  0.0000E+00      -1  -0.448E-03   20.00
   4    -0.0300     -14.995 0.1717   0.6070E-05  0.2529E-02 -0.8306E-03  0.0000E+00      -1  -0.415E-03   20.00
   5    -0.0400     -16.491 0.1683   0.4515E-05  0.2210E-02 -0.7575E-03  0.0000E+00      -1  -0.379E-03   20.00
   6    -0.0500     -18.308 0.1646   0.3343E-05  0.1911E-02 -0.6749E-03  0.0000E+00      -1  -0.337E-03   20.00
   7    -0.0600     -20.546 0.1607   0.2279E-05  0.1611E-02 -0.5840E-03  0.0000E+00      -1  -0.292E-03   20.00
   8    -0.0700     -23.312 0.1567   0.1582E-05  0.1352E-02 -0.4865E-03  0.0000E+00      -1  -0.243E-03   20.00
   9    -0.0800     -26.615 0.1527   0.1057E-05  0.1123E-02 -0.3874E-03  0.0000E+00      -1  -0.194E-03   20.00
  10    -0.0900     -30.490 0.1486   0.6815E-06  0.9197E-03 -0.2924E-03  0.0000E+00      -1  -0.146E-03   20.00
end
